SCRATCH=/var/folders/fn/8ffdcmbd13lfwzsm2h93xrx00000gn/T/grok-tmux-spike.XXXXXX.veUZGogrx1
GROK_BIN=/Users/marcelo/.grok/bin/grok SESSION_UUID=c4e00549-0ee6-47e8-a598-de3ecc356de7
PASS G1_spawn: window=@1 pid=47175
PASS G2_ready: pane heuristic match after 25s
SESSION_DIR=
PASS G3_send: user content visible in updates.jsonl after 10s
PASS G4_wait: assistant/turn evidence after 5s text=spike-ok
PASS G5_mcp_new: spike_echo in mcp_config_resolved
PASS G7_interrupt: Esc sent; pane still alive
PASS G8_menus: no launch wedge observed with -s uuid path (no welcome picker)
PASS G6_mcp_resume: tool evidence after -r resume (9s)
==== RESULTS (/var/folders/fn/8ffdcmbd13lfwzsm2h93xrx00000gn/T/grok-tmux-spike.XXXXXX.veUZGogrx1/results.tsv) ====
G1_spawn	PASS	window=@1 pid=47175
G2_ready	PASS	pane heuristic match after 25s
G3_send	PASS	user content visible in updates.jsonl after 10s
G4_wait	PASS	assistant/turn evidence after 5s text=spike-ok
G5_mcp_new	PASS	spike_echo in mcp_config_resolved
G7_interrupt	PASS	Esc sent; pane still alive
G8_menus	PASS	no launch wedge observed with -s uuid path (no welcome picker)
G6_mcp_resume	PASS	tool evidence after -r resume (9s)
fail_count=0 scratch=/var/folders/fn/8ffdcmbd13lfwzsm2h93xrx00000gn/T/grok-tmux-spike.XXXXXX.veUZGogrx1
